1..9
ok 1 PassingTest
# aaa
# bbb
# ccc
ok 2 LogTest
# SIGABRT: Abnormal termination
not ok 3 AssertTest
# Fail reason
# multiple
# lines
not ok 4 FailTest
ok 5 PassingRequireTest
# In reporter_shared_tests.h:35:
# 2+2 == 5 failed
not ok 6 FailingRequireTest
ok 7 SkipTest # SKIP Skip reason
multiple
lines
ok 8 TodoWithoutReasonTest # TODO
ok 9 TodoWithReasonTest # TODO TODO reason
multiple
lines
